// Jest Snapshot v1, https://goo.gl/fbAQLP

exports[`pruebas para GiftExperApp debe crearse 1`] = `
<Fragment>
  <h2>
    GifexpertApp
  </h2>
  <AddCategory
    setCategories={[Function]}
  />
  <hr />
  <ol />
</Fragment>
`;
